<html>
<body>
<pre>
<h1>µVision Build Log</h1>
<h2>Tool Versions:</h2>
IDE-Version: µVision V5.26.2.0
Copyright (C) 2018 ARM Ltd and ARM Germany GmbH. All rights reserved.
License Information: vishnu vardhan duggasani, student, LIC=----
 
Tool Versions:
Toolchain:       MDK-Lite  Version: 5.26.2.0
Toolchain Path:  C:\Keil_v5\ARM\ARMCC\Bin
C Compiler:      Armcc.exe V5.06 update 6 (build 750)
Assembler:       Armasm.exe V5.06 update 6 (build 750)
Linker/Locator:  ArmLink.exe V5.06 update 6 (build 750)
Library Manager: ArmAr.exe V5.06 update 6 (build 750)
Hex Converter:   FromElf.exe V5.06 update 6 (build 750)
CPU DLL:         SARM.DLL V5.26.2.0
Dialog DLL:      DARMP.DLL V1.53.0.0
Target DLL:      UL2ARM.DLL V1.74.10.0
Dialog DLL:      TARMP.DLL V1.53.0.0
 
<h2>Project:</h2>
D:\arm projects\RFID PROJECT\RFID.uvproj
Project File Date:  12/16/2023

<h2>Output:</h2>
*** Using Compiler 'V5.06 update 6 (build 750)', folder: 'C:\Keil_v5\ARM\ARMCC\Bin'
Rebuild target 'Target 1'
compiling RFID_main.c...
assembling Startup.s...
compiling LCD_driver.c...
compiling i2c_driver.c...
compiling UART_driver.c...
UART_driver.c(60): warning:  #167-D: argument of type "s8 *" is incompatible with parameter of type "char *__restrict__"
    sprintf(buf,"%d",num);
UART_driver.c(67): warning:  #167-D: argument of type "s8 *" is incompatible with parameter of type "char *__restrict__"
    sprintf(buf,"%.1f",num);
UART_driver.c: 2 warnings, 0 errors
compiling RFID_func.c...
RFID_func.c(83): warning:  #167-D: argument of type "s8 *" is incompatible with parameter of type "u8 *"
  		i2c_page_write_frame(0xA0,mr,SD[i].name);
RFID_func.c(89): warning:  #167-D: argument of type "s8 *" is incompatible with parameter of type "u8 *"
  		i2c_page_write_frame(0xA0,mr,SD[i].rollno);
RFID_func.c(117): warning:  #167-D: argument of type "s8 *" is incompatible with parameter of type "const char *"
  		if(strcmp(RO_NO ,"stop")==0)
RFID_func.c(121): warning:  #167-D: argument of type "s8 *" is incompatible with parameter of type "const char *"
  			if(strcmp(RO_NO , SD[i].rollno)==0)
RFID_func.c(121): warning:  #167-D: argument of type "s8 *" is incompatible with parameter of type "const char *"
  			if(strcmp(RO_NO , SD[i].rollno)==0)
RFID_func.c: 5 warnings, 0 errors
linking...
Program Size: Code=8548 RO-data=188 RW-data=4 ZI-data=1364  
FromELF: creating hex file...
".\Objects\RFID.axf" - 0 Error(s), 7 Warning(s).
Build Time Elapsed:  00:00:02
</pre>
</body>
</html>
